2025-07-22 16:09:33 - INFO - Loading Xenium data from: /Volumes/Share1TB/10x_xenium_mouse_datasets/zarr_xenosplit/Xenium_V1_FFPE_wildtype_13_4_months.zarr
2025-07-22 16:09:33 - WARNING - version mismatch: detected: RasterFormatV02, requested: FormatV04
2025-07-22 16:09:33 - INFO - root_attr: multiscales
2025-07-22 16:09:33 - INFO - root_attr: omero
2025-07-22 16:09:33 - INFO - root_attr: spatialdata_attrs
2025-07-22 16:09:33 - INFO - datasets [{'coordinateTransformations': [{'scale': [1.0, 1.0, 1.0], 'type': 'scale'}], 'path': '0'}, {'coordinateTransformations': [{'scale': [1.0, 2.0000804440511626, 2.0], 'type': 'scale'}], 'path': '1'}, {'coordinateTransformations': [{'scale': [1.0, 4.00048270313757, 4.000255264837269], 'type': 'scale'}], 'path': '2'}, {'coordinateTransformations': [{'scale': [1.0, 8.002252977148375, 8.001531784528977], 'type': 'scale'}], 'path': '3'}, {'coordinateTransformations': [{'scale': [1.0, 16.009658725048293, 16.00715015321757], 'type': 'scale'}], 'path': '4'}]
2025-07-22 16:09:33 - INFO - resolution: 0
2025-07-22 16:09:33 - INFO -  - shape ('c', 'y', 'x') = (1, 24863, 31342)
2025-07-22 16:09:33 - INFO -  - chunks =  ['1', '4096 (+ 287)', '4096 (+ 2670)']
2025-07-22 16:09:33 - INFO -  - dtype = uint16
2025-07-22 16:09:33 - INFO - resolution: 1
2025-07-22 16:09:33 - INFO -  - shape ('c', 'y', 'x') = (1, 12431, 15671)
2025-07-22 16:09:33 - INFO -  - chunks =  ['1', '4096 (+ 143)', '4096 (+ 3383)']
2025-07-22 16:09:33 - INFO -  - dtype = uint16
2025-07-22 16:09:33 - INFO - resolution: 2
2025-07-22 16:09:33 - INFO -  - shape ('c', 'y', 'x') = (1, 6215, 7835)
2025-07-22 16:09:33 - INFO -  - chunks =  ['1', '4096 (+ 2119)', '4096 (+ 3739)']
2025-07-22 16:09:33 - INFO -  - dtype = uint16
2025-07-22 16:09:33 - INFO - resolution: 3
2025-07-22 16:09:33 - INFO -  - shape ('c', 'y', 'x') = (1, 3107, 3917)
2025-07-22 16:09:33 - INFO -  - chunks =  ['1', '3107', '3917']
2025-07-22 16:09:33 - INFO -  - dtype = uint16
2025-07-22 16:09:33 - INFO - resolution: 4
2025-07-22 16:09:33 - INFO -  - shape ('c', 'y', 'x') = (1, 1553, 1958)
2025-07-22 16:09:33 - INFO -  - chunks =  ['1', '1553', '1958']
2025-07-22 16:09:33 - INFO -  - dtype = uint16
2025-07-22 16:09:33 - INFO - root_attr: multiscales
2025-07-22 16:09:33 - INFO - root_attr: omero
2025-07-22 16:09:33 - INFO - root_attr: spatialdata_attrs
2025-07-22 16:09:33 - WARNING - version mismatch: detected: RasterFormatV02, requested: FormatV04
2025-07-22 16:09:33 - INFO - root_attr: multiscales
2025-07-22 16:09:33 - INFO - root_attr: omero
2025-07-22 16:09:33 - INFO - root_attr: spatialdata_attrs
2025-07-22 16:09:33 - INFO - datasets [{'coordinateTransformations': [{'scale': [1.0, 1.0, 1.0], 'type': 'scale'}], 'path': '0'}, {'coordinateTransformations': [{'scale': [1.0, 2.0000804440511626, 2.0], 'type': 'scale'}], 'path': '1'}, {'coordinateTransformations': [{'scale': [1.0, 4.00048270313757, 4.000255264837269], 'type': 'scale'}], 'path': '2'}, {'coordinateTransformations': [{'scale': [1.0, 8.002252977148375, 8.001531784528977], 'type': 'scale'}], 'path': '3'}, {'coordinateTransformations': [{'scale': [1.0, 16.009658725048293, 16.00715015321757], 'type': 'scale'}], 'path': '4'}]
2025-07-22 16:09:33 - INFO - resolution: 0
2025-07-22 16:09:33 - INFO -  - shape ('c', 'y', 'x') = (1, 24863, 31342)
2025-07-22 16:09:33 - INFO -  - chunks =  ['1', '4096 (+ 287)', '4096 (+ 2670)']
2025-07-22 16:09:33 - INFO -  - dtype = uint16
2025-07-22 16:09:33 - INFO - resolution: 1
2025-07-22 16:09:33 - INFO -  - shape ('c', 'y', 'x') = (1, 12431, 15671)
2025-07-22 16:09:33 - INFO -  - chunks =  ['1', '4096 (+ 143)', '4096 (+ 3383)']
2025-07-22 16:09:33 - INFO -  - dtype = uint16
2025-07-22 16:09:33 - INFO - resolution: 2
2025-07-22 16:09:33 - INFO -  - shape ('c', 'y', 'x') = (1, 6215, 7835)
2025-07-22 16:09:33 - INFO -  - chunks =  ['1', '4096 (+ 2119)', '4096 (+ 3739)']
2025-07-22 16:09:33 - INFO -  - dtype = uint16
2025-07-22 16:09:33 - INFO - resolution: 3
2025-07-22 16:09:33 - INFO -  - shape ('c', 'y', 'x') = (1, 3107, 3917)
2025-07-22 16:09:33 - INFO -  - chunks =  ['1', '3107', '3917']
2025-07-22 16:09:33 - INFO -  - dtype = uint16
2025-07-22 16:09:33 - INFO - resolution: 4
2025-07-22 16:09:33 - INFO -  - shape ('c', 'y', 'x') = (1, 1553, 1958)
2025-07-22 16:09:33 - INFO -  - chunks =  ['1', '1553', '1958']
2025-07-22 16:09:33 - INFO -  - dtype = uint16
2025-07-22 16:09:33 - INFO - root_attr: multiscales
2025-07-22 16:09:33 - INFO - root_attr: omero
2025-07-22 16:09:33 - INFO - root_attr: spatialdata_attrs
2025-07-22 16:09:35 - INFO - Loading reference data from: /Volumes/Share1TB/xenium_ref/0c44ac00-d0a8-4a5d-93e6-da8df2488ad2.h5ad
2025-07-22 16:10:19 - INFO - Xenium data: 59935 cells, 347 genes
2025-07-22 16:10:19 - INFO - Reference data: 4992 cells, 32101 genes
2025-07-22 16:10:19 - INFO - Harmonizing gene names between datasets...
2025-07-22 16:10:20 - INFO - Found 347 common genes after standardizing IDs
2025-07-22 16:10:20 - INFO - Final common genes: 347
2025-07-22 16:10:20 - INFO - Normalizing data to 10000.0 counts per cell
2025-07-22 16:10:20 - INFO - Normalizing data to 10000.0 counts per cell
2025-07-22 16:10:21 - INFO - Training CellTypist model using label column: cell_type
2025-07-22 16:10:21 - INFO - 🍳 Preparing data before training
2025-07-22 16:10:21 - INFO - ✂️ 16 non-expressed genes are filtered out
2025-07-22 16:10:21 - INFO - 🔬 Input data has 4992 cells and 331 genes
2025-07-22 16:10:21 - INFO - ⚖️ Scaling input data
2025-07-22 16:10:21 - INFO - 🏋️ Training data using logistic regression
2025-07-22 16:11:08 - INFO - ✅ Model training done!
2025-07-22 16:11:08 - INFO - Model training completed
2025-07-22 16:11:08 - INFO - Predicting cell types on spatial data
2025-07-22 16:11:08 - INFO - 🔬 Input data has 59935 cells and 347 genes
2025-07-22 16:11:08 - INFO - 🔗 Matching reference genes in the model
2025-07-22 16:11:08 - INFO - 🧬 331 features used for prediction
2025-07-22 16:11:08 - INFO - ⚖️ Scaling input data
2025-07-22 16:11:09 - INFO - 🖋️ Predicting labels
2025-07-22 16:11:09 - INFO - ✅ Prediction done!
2025-07-22 16:11:09 - INFO - Adding predictions as column: cell_type_predicted
2025-07-22 16:11:09 - INFO - Fixing spatial data metadata
2025-07-22 16:11:09 - INFO - Saving annotated spatial data to: results/Xenium_V1_FFPE_wildtype_13_4_months_annotated_with_xenium_ref_20250722_160933/data/Xenium_V1_FFPE_wildtype_13_4_months_annotated.zarr
2025-07-22 16:12:39 - INFO - Generating visualizations with prefix: Xenium_V1_FFPE_wildtype_13_4_months_annotated_with_xenium_ref
2025-07-22 16:12:39 - INFO - Creating spatial cell type map...
2025-07-22 16:12:40 - INFO - Saved spatial cell type map: results/Xenium_V1_FFPE_wildtype_13_4_months_annotated_with_xenium_ref_20250722_160933/plots/Xenium_V1_FFPE_wildtype_13_4_months_annotated_with_xenium_ref_spatial_celltype_map.png
2025-07-22 16:12:40 - INFO - Creating cell type distribution plot...
2025-07-22 16:12:41 - INFO - Saved cell type distribution: results/Xenium_V1_FFPE_wildtype_13_4_months_annotated_with_xenium_ref_20250722_160933/plots/Xenium_V1_FFPE_wildtype_13_4_months_annotated_with_xenium_ref_celltype_distribution.png
2025-07-22 16:12:41 - INFO - Performing clustering analysis for UMAP plots...
2025-07-22 16:16:11 - INFO - Final clustering: 22 clusters with resolution 0.5
2025-07-22 16:16:11 - INFO - Creating UMAP plots...
2025-07-22 16:16:13 - INFO - Saved UMAP analysis: results/Xenium_V1_FFPE_wildtype_13_4_months_annotated_with_xenium_ref_20250722_160933/plots/Xenium_V1_FFPE_wildtype_13_4_months_annotated_with_xenium_ref_umap_analysis.png
2025-07-22 16:16:13 - INFO - Creating spatial scatter plot with clusters...
2025-07-22 16:16:16 - INFO - Saved spatial clusters plot: results/Xenium_V1_FFPE_wildtype_13_4_months_annotated_with_xenium_ref_20250722_160933/plots/Xenium_V1_FFPE_wildtype_13_4_months_annotated_with_xenium_ref_spatial_leiden_clusters.png
2025-07-22 16:16:16 - INFO - Performing marker gene analysis...
2025-07-22 16:16:17 - INFO - Creating marker genes plot...
2025-07-22 16:16:20 - INFO - Saved marker genes plot: results/Xenium_V1_FFPE_wildtype_13_4_months_annotated_with_xenium_ref_20250722_160933/plots/Xenium_V1_FFPE_wildtype_13_4_months_annotated_with_xenium_ref_marker_genes.png
2025-07-22 16:16:20 - INFO - Run metadata saved: results/Xenium_V1_FFPE_wildtype_13_4_months_annotated_with_xenium_ref_20250722_160933/run_metadata.json
2025-07-22 16:16:20 - INFO - HTML report generated: results/Xenium_V1_FFPE_wildtype_13_4_months_annotated_with_xenium_ref_20250722_160933/annotation_report.html
